
> my-portfolio@0.1.0 test
> vitest run --reporter=verbose


[1m[30m[46m RUN [49m[39m[22m [36mv4.1.9 [39m[90m/Users/parastooghashghaei/my-portfolio[39m

[31m⎯⎯⎯⎯⎯⎯[39m[1m[41m Unhandled Errors [49m[22m[31m⎯⎯⎯⎯⎯⎯[39m
[31m[1m
Vitest caught 2 unhandled errors during the test run.
This might cause false positive tests. Resolve unhandled errors to make sure your tests are not affected.[22m[39m

[31m⎯⎯⎯⎯⎯⎯[39m[1m[41m Unhandled Error [49m[22m[31m⎯⎯⎯⎯⎯⎯⎯[39m
[31m[1mError[22m: [vitest-pool]: Failed to start forks worker for test files /Users/parastooghashghaei/my-portfolio/app/components/ui/CoreBadge/CoreBadge.test.tsx.[39m
[90m [2m❯[22m node_modules/vitest/dist/chunks/cli-api.24X8XwN1.js:[2m3465:94[22m[39m
[90m [2m❯[22m processTicksAndRejections node:internal/process/task_queues:[2m95:5[22m[39m
[90m [2m❯[22m Pool.schedule node_modules/vitest/dist/chunks/cli-api.24X8XwN1.js:[2m3465:5[22m[39m

[31m[1mCaused by: Error[22m: require() of ES Module /Users/parastooghashghaei/my-portfolio/node_modules/@csstools/css-calc/dist/index.mjs not supported.
Instead change the require of /Users/parastooghashghaei/my-portfolio/node_modules/@csstools/css-calc/dist/index.mjs to a dynamic import() which is available in all CommonJS modules.[39m
[90m [2m❯[22m Object.<anonymous> node_modules/@asamuzakjp/css-color/dist/cjs/index.cjs:[2m30:24[22m[39m

[31m[2m⎯⎯⎯⎯⎯⎯⎯⎯⎯⎯⎯⎯⎯⎯⎯⎯⎯⎯⎯⎯⎯⎯⎯⎯⎯⎯⎯⎯⎯⎯[22m[39m
[31m[1mSerialized Error:[22m[39m [90m{ code: 'ERR_REQUIRE_ESM' }[39m

[31m⎯⎯⎯⎯⎯⎯[39m[1m[41m Unhandled Error [49m[22m[31m⎯⎯⎯⎯⎯⎯⎯[39m
[31m[1mError[22m: [vitest-pool]: Failed to start forks worker for test files /Users/parastooghashghaei/my-portfolio/app/components/ui/CoreButton/CoreButton.test.tsx.[39m
[90m [2m❯[22m node_modules/vitest/dist/chunks/cli-api.24X8XwN1.js:[2m3465:94[22m[39m
[90m [2m❯[22m processTicksAndRejections node:internal/process/task_queues:[2m95:5[22m[39m
[90m [2m❯[22m Pool.schedule node_modules/vitest/dist/chunks/cli-api.24X8XwN1.js:[2m3465:5[22m[39m

[31m[1mCaused by: Error[22m: require() of ES Module /Users/parastooghashghaei/my-portfolio/node_modules/@csstools/css-calc/dist/index.mjs not supported.
Instead change the require of /Users/parastooghashghaei/my-portfolio/node_modules/@csstools/css-calc/dist/index.mjs to a dynamic import() which is available in all CommonJS modules.[39m
[90m [2m❯[22m Object.<anonymous> node_modules/@asamuzakjp/css-color/dist/cjs/index.cjs:[2m30:24[22m[39m

[31m[2m⎯⎯⎯⎯⎯⎯⎯⎯⎯⎯⎯⎯⎯⎯⎯⎯⎯⎯⎯⎯⎯⎯⎯⎯⎯⎯⎯⎯⎯⎯[22m[39m
[31m[1mSerialized Error:[22m[39m [90m{ code: 'ERR_REQUIRE_ESM' }[39m
[31m⎯⎯⎯⎯⎯⎯⎯⎯⎯⎯⎯⎯⎯⎯⎯⎯⎯⎯⎯⎯⎯⎯⎯⎯⎯⎯⎯⎯⎯⎯[39m


[2m Test Files [22m [2mno tests[22m
[2m      Tests [22m [2mno tests[22m
[2m     Errors [22m [1m[31m2 errors[39m[22m
[2m   Start at [22m 21:07:57
[2m   Duration [22m 304ms[2m (transform 0ms, setup 0ms, import 0ms, tests 0ms, environment 0ms)[22m

